// Jest Snapshot v1, https://goo.gl/fbAQLP

exports[`Button renders correctly with text 1`] = `
<View
  accessibilityState={
    {
      "busy": undefined,
      "checked": undefined,
      "disabled": undefined,
      "expanded": undefined,
      "selected": undefined,
    }
  }
  accessibilityValue={
    {
      "max": undefined,
      "min": undefined,
      "now": undefined,
      "text": undefined,
    }
  }
  accessible={true}
  collapsable={false}
  focusable={false}
  onClick={[Function]}
  onResponderGrant={[Function]}
  onResponderMove={[Function]}
  onResponderRelease={[Function]}
  onResponderTerminate={[Function]}
  onResponderTerminationRequest={[Function]}
  onStartShouldSetResponder={[Function]}
  style={
    {
      "backgroundColor": "#0d3db2",
      "borderRadius": 4,
      "opacity": 1,
      "padding": 10,
      "paddingHorizontal": 24,
    }
  }
>
  <Text
    style={
      {
        "color": "white",
        "fontSize": 16,
        "fontWeight": "600",
      }
    }
  >
    Click me
  </Text>
</View>
`;
